// Jest Snapshot v1, https://goo.gl/fbAQLP

exports[`SelectComponent should render 1`] = `
<tabu-dynamic-form-select
  control={[Function FormControlSelect]}
  group={[Function FormGroup]}
>
  <mat-form-field
    class="tabu-select mat-form-field ng-tns-c12-0 mat-primary mat-form-field-type-mat-select mat-form-field-appearance-legacy mat-form-field-can-float mat-form-field-has-label mat-form-field-hide-placeholder ng-untouched ng-pristine ng-valid _mat-animation-noopable"
    ng-reflect-form="[object Object]"
  >
    <div
      class="mat-form-field-wrapper"
    >
      <div
        class="mat-form-field-flex"
      >
        
        
        <div
          class="mat-form-field-infix"
        >
          <mat-select
            aria-disabled="false"
            aria-invalid="false"
            aria-label="testLabel"
            aria-multiselectable="false"
            aria-required="false"
            class="mat-select ng-tns-c13-1 mat-select-empty ng-untouched ng-pristine ng-valid ng-star-inserted"
            id="mat-select-3"
            ng-reflect-name="testKey"
            ng-reflect-placeholder="testLabel"
            role="listbox"
            tabindex="0"
          >
            <div
              aria-hidden="true"
              cdk-overlay-origin=""
              class="mat-select-trigger"
            >
              <div
                class="mat-select-value"
                ng-reflect-ng-switch="true"
              >
                
                <span
                  class="mat-select-placeholder ng-tns-c13-1 ng-star-inserted"
                >
                  testLabel
                </span>
                
              </div>
              <div
                class="mat-select-arrow-wrapper"
              >
                <div
                  class="mat-select-arrow"
                />
              </div>
            </div>
            
          </mat-select>
          <span
            class="mat-form-field-label-wrapper"
          >
            
            <label
              aria-owns="mat-select-3"
              class="mat-form-field-label ng-tns-c12-0 mat-empty mat-form-field-empty ng-star-inserted"
              for="mat-select-3"
              id="mat-form-field-label-7"
              ng-reflect-disabled="true"
              ng-reflect-ng-switch="false"
            >
              
              
              testLabel
              
              
            </label>
          </span>
        </div>
        
      </div>
      
      <div
        class="mat-form-field-underline ng-tns-c12-0 ng-star-inserted"
      >
        <span
          class="mat-form-field-ripple"
        />
      </div>
      <div
        class="mat-form-field-subscript-wrapper"
        ng-reflect-ng-switch="hint"
      >
        
        
        <div
          class="mat-form-field-hint-wrapper ng-tns-c12-0 ng-trigger ng-trigger-transitionMessages ng-star-inserted"
          style="opacity:1;transform:translateY(0%);0:opacity;1:transform;"
        >
          
          <div
            class="mat-form-field-hint-spacer"
          />
        </div>
      </div>
    </div>
  </mat-form-field>
</tabu-dynamic-form-select>
`;
