// Jest Snapshot v1, https://goo.gl/fbAQLP

exports[`AccountMenuComponent should render 1`] = `
<tabu-account-menu
  isAuth="false"
>
  <button
    aria-haspopup="true"
    aria-label="Toggle account menu"
    class="mat-icon-button"
    mat-icon-button=""
    ng-reflect-menu="[object Object]"
  >
    <span
      class="mat-button-wrapper"
    >
      <mat-icon
        aria-hidden="true"
        aria-label="Side nav toggle icon"
        class="mat-icon notranslate material-icons mat-icon-no-color"
        role="img"
      >
        account_circle
      </mat-icon>
    </span>
    <div
      class="mat-button-ripple mat-ripple mat-button-ripple-round"
      matripple=""
      ng-reflect-centered="true"
      ng-reflect-disabled="false"
      ng-reflect-trigger="[object HTMLButtonElement]"
    />
    <div
      class="mat-button-focus-overlay"
    />
  </button><mat-menu>
    
  </mat-menu>
</tabu-account-menu>
`;
