// Jest Snapshot v1, https://goo.gl/fbAQLP

exports[`CheckboxComponent should render 1`] = `
<tabu-dynamic-form-checkbox
  control={[Function FormControlCheckbox]}
  group={[Function FormGroup]}
>
  <div
    class="ng-untouched ng-pristine ng-valid"
    ng-reflect-form="[object Object]"
  >
    <mat-checkbox
      class="tabu-checkbox mat-checkbox mat-accent ng-untouched ng-pristine ng-valid"
      id="mat-checkbox-4"
      ng-reflect-name="testKey"
    >
      <label
        class="mat-checkbox-layout"
        for="mat-checkbox-4-input"
      >
        <div
          class="mat-checkbox-inner-container"
        >
          <input
            aria-checked="false"
            class="mat-checkbox-input cdk-visually-hidden"
            id="mat-checkbox-4-input"
            tabindex="0"
            type="checkbox"
          />
          <div
            class="mat-checkbox-ripple mat-ripple"
            matripple=""
            ng-reflect-animation="[object Object]"
            ng-reflect-centered="true"
            ng-reflect-disabled="false"
            ng-reflect-radius="20"
            ng-reflect-trigger="[object HTMLLabelElement]"
          >
            <div
              class="mat-ripple-element mat-checkbox-persistent-ripple"
            />
          </div>
          <div
            class="mat-checkbox-frame"
          />
          <div
            class="mat-checkbox-background"
          >
            <svg
              class="mat-checkbox-checkmark"
              focusable="false"
              version="1.1"
              viewBox="0 0 24 24"
              xml:space="preserve"
            >
              <path
                class="mat-checkbox-checkmark-path"
                d="M4.1,12.7 9,17.6 20.3,6.3"
                fill="none"
                stroke="white"
              />
            </svg>
            <div
              class="mat-checkbox-mixedmark"
            />
          </div>
        </div>
        <span
          class="mat-checkbox-label"
        >
          <span
            style="display:none"
          >
            Â 
          </span>
          testLabel
        </span>
      </label>
    </mat-checkbox>
  </div>
</tabu-dynamic-form-checkbox>
`;
