// Jest Snapshot v1, https://goo.gl/fbAQLP

exports[`InputComponent should render 1`] = `
<tabu-dynamic-form-input
  control={[Function FormControlTextbox]}
  group={[Function FormGroup]}
>
  <mat-form-field
    class="tabu-input mat-form-field ng-tns-c3-0 mat-primary mat-form-field-type-mat-input mat-form-field-appearance-legacy mat-form-field-can-float mat-form-field-has-label mat-form-field-hide-placeholder ng-untouched ng-pristine ng-valid _mat-animation-noopable"
    ng-reflect-form="[object Object]"
  >
    <div
      class="mat-form-field-wrapper"
    >
      <div
        class="mat-form-field-flex"
      >
        
        
        <div
          class="mat-form-field-infix"
        >
          <input
            aria-invalid="false"
            aria-required="false"
            class="mat-input-element mat-form-field-autofill-control cdk-text-field-autofill-monitored ng-untouched ng-pristine ng-valid"
            id="mat-input-3"
            matinput=""
            ng-reflect-name="testKey"
            ng-reflect-placeholder="testLabel"
            placeholder="testLabel"
          />
          <span
            class="mat-form-field-label-wrapper"
          >
            
            <label
              aria-owns="mat-input-3"
              class="mat-form-field-label ng-tns-c3-0 mat-empty mat-form-field-empty ng-star-inserted"
              for="mat-input-3"
              id="mat-form-field-label-7"
              ng-reflect-disabled="true"
              ng-reflect-ng-switch="false"
            >
              
              
              testLabel
              
              
            </label>
          </span>
        </div>
        
      </div>
      
      <div
        class="mat-form-field-underline ng-tns-c3-0 ng-star-inserted"
      >
        <span
          class="mat-form-field-ripple"
        />
      </div>
      <div
        class="mat-form-field-subscript-wrapper"
        ng-reflect-ng-switch="hint"
      >
        
        
        <div
          class="mat-form-field-hint-wrapper ng-tns-c3-0 ng-trigger ng-trigger-transitionMessages ng-star-inserted"
          style="opacity:1;transform:translateY(0%);0:opacity;1:transform;"
        >
          
          <div
            class="mat-form-field-hint-spacer"
          />
        </div>
      </div>
    </div>
  </mat-form-field>
</tabu-dynamic-form-input>
`;
